---
source: crates/codemap/tests/codemap_tests.rs
expression: result
---
pub struct Simple {
    pub public_field: i32
}

pub struct PublicPrivatePublic {
    pub public_field: i32,
    pub pub_field: String
}

pub enum PublicEnum {
    Variant1,
    Variant2,
    Variant3(String),
    Variant4 { field: i32 },
}

pub const CONSTANT: i32 = 42;

pub struct ImplStruct;

impl ImplStruct {
    pub fn public_method(param: i32) -> i32;
    pub async fn public_async_method(param: i32) -> i32;
}

pub fn public_function(param: i32) -> i32;

pub async fn public_async_function(param: i32) -> i32;

pub mod public_mod;

pub type PublicType = i32;

pub trait PublicTrait {
    fn public_method(&self, param: i32) -> i32;
}

pub use anyhow::Result;
